[
  "!bg-green-500",
  "!border-primary",
  "!font-bold",
  "!text-[#990000]",
  "!text-primary",
  "-m-[20px]",
  "-mt-2",
  "2xl:text-[red]",
  "2xl:text-base",
  "active:bg-[#543210]",
  "active:bg-[#989898]",
  "after:border-none",
  "before:content-['Festivus']",
  "bg-[#010101]",
  "bg-[#123456]",
  "bg-[#434344]",
  "bg-blue-500/50",
  "bg-gray-100",
  "bg-pink-500",
  "bg-red-400",
  "bg-red-500",
  "bg-sky-500",
  "border",
  "border-[#098765]",
  "border-[10px]",
  "border-[10rpx]",
  "border-[red]",
  "border-b-[4rpx]",
  "border-solid",
  "border-t-[4px]",
  "content",
  "dark:bg-green-500",
  "dark:bg-zinc-800",
  "dark:text-yellow-400",
  "divide-[#010101]",
  "divide-solid",
  "divide-x-[10px]",
  "flex",
  "flex-col",
  "font-semibold",
  "from",
  "grid",
  "grid-cols-3",
  "h-10",
  "h-2",
  "h-3",
  "h-5",
  "h-[200%]",
  "h-[20px]",
  "h-screen",
  "items-center",
  "justify-center",
  "leading-[0.9]",
  "list",
  "max-h-[100px]",
  "max-w-[300rpx]",
  "mb-[-20px]",
  "min-h-[100px]",
  "min-w-[300rpx]",
  "opacity-50",
  "p-[20px]",
  "px",
  "px-[34.54rpx]",
  "py-2",
  "ring-4",
  "ring-pink-300",
  "rotate-[10deg]",
  "rounded-md",
  "shadow-[0px_2px_11px_0px_#00000a]",
  "shadow-[0px_2px_11px_0px_rgba(0,0,0,0.4)]",
  "space-y-4",
  "space-y-[1.6rem]",
  "text",
  "text-2xl",
  "text-[#5cdc34]",
  "text-[#bada55]",
  "text-[#dddddd]",
  "text-[20px]",
  "text-[22px]",
  "text-[32.4rpx]",
  "text-[32px]",
  "text-[32rpx]",
  "text-[color:var(--my-var)]",
  "text-[length:var(--my-var-length)]",
  "text-[var(--my-var)]",
  "text-area",
  "text-black",
  "text-white",
  "underline",
  "w-10",
  "w-2",
  "w-32",
  "w-5",
  "w-[20px]",
  "w-[300rpx]",
  "w-screen"
]
