[
  "aspect-(--my-aspect-ratio)",
  "aspect-[calc(4*3+1)/3]",
  "bg-[#0000ff]",
  "bg-midnight",
  "bg-neutral-1B",
  "content",
  "delay",
  "fill-bermuda",
  "flex",
  "flex-col",
  "font-bold",
  "from",
  "h-20",
  "text",
  "text-[#00f285]",
  "text-[45rpx]",
  "text-[88rpx]",
  "text-area",
  "text-tahiti",
  "text-white",
  "to",
  "top",
  "underline",
  "w-20"
]
