// Vitest Snapshot v1, https://vitest.dev/guide/snapshot.html

exports[`snap > uni-app vue2 app.css 1`] = `
"
/* #ifdef MP-WEIXIN */
  .ifdef-_MP-WEIXIN_cbg-blue-500{
          --tw-bg-opacity: 1;
          background-color: rgb(59 130 246 / var(--tw-bg-opacity))
  }
/* #endif */
  /* #ifndef MP-WEIXIN */
  .ifndef-_MP-WEIXIN_cbg-red-500{
          --tw-bg-opacity: 1;
          background-color: rgb(239 68 68 / var(--tw-bg-opacity))
  }
  /* #endif */
  /* #ifdef MP-WEIXIN */
  .wxcbg-blue-500{
          --tw-bg-opacity: 1;
          background-color: rgb(59 130 246 / var(--tw-bg-opacity))
  }
  /* #endif */
  /* #ifndef MP-WEIXIN */
  .-wxcbg-red-500{
          --tw-bg-opacity: 1;
          background-color: rgb(239 68 68 / var(--tw-bg-opacity))
  }
  /* #endif */
  "
`;

exports[`snap > uni-app vue2 app-with-comment.css 1`] = `
"/*!*********************************************************************************************************************************************************************************************************************************************************************************************************************************************************************************************************************************************************************************************************************************************************************************************************************************************************************************************************************************************************************************************************************************************************************************************************!*\\
  !*** css ./node_modules/@vue/cli-service/node_modules/css-loader/dist/cjs.js??clonedRuleSet-22[0].rules[0].use[1]!./node_modules/@dcloudio/vue-cli-plugin-uni/packages/vue-loader/lib/loaders/stylePostLoader.js!./node_modules/@dcloudio/vue-cli-plugin-uni/packages/webpack-preprocess-loader/index.js??clonedRuleSet-22[0].rules[0].use[2]!./node_modules/postcss-loader/dist/cjs.js??clonedRuleSet-22[0].rules[0].use[3]!./node_modules/@dcloudio/vue-cli-plugin-uni/packages/sass-loader/dist/cjs.js??clonedRuleSet-22[0].rules[0].use[4]!./node_modules/@dcloudio/vue-cli-plugin-uni/packages/webpack-preprocess-loader/index.js??clonedRuleSet-22[0].rules[0].use[5]!./node_modules/@dcloudio/vue-cli-plugin-uni/packages/vue-loader/lib/index.js??vue-loader-options!./node_modules/@dcloudio/webpack-uni-mp-loader/lib/style.js!./src/pages/index/index.vue?vue&type=style&index=0&lang=scss& ***!
  \\*********************************************************************************************************************************************************************************************************************************************************************************************************************************************************************************************************************************************************************************************************************************************************************************************************************************************************************************************************************************************************************************************************************************************************************************************************/
  @charset "UTF-8";
  /**
   * 这里是uni-app内置的常用样式变量
   *
   * uni-app 官方扩展插件及插件市场（https://ext.dcloud.net.cn）上很多三方插件均使用了这些样式变量
   * 如果你是插件开发者，建议你使用scss预处理，并在插件代码中直接使用这些变量（无需 import 这个文件），方便用户通过搭积木的方式开发整体风格一致的App
   *
   */
  /**
   * 如果你是App开发者（插件使用者），你可以通过修改这些变量来定制自己的插件主题，实现自定义主题功能
   *
   * 如果你的项目同样使用了scss预处理，你也可以直接在你的 scss 代码中使用如下变量，同时无需 import 这个文件
   */
  .test{
      height: 100px !important;
      width: 100px !important;
      align-items: center !important;
      justify-content: center !important;
      border-radius: 40px !important;
      background-color: rgb(18 52 86 / var(--tw-bg-opacity)) !important;
      --tw-bg-opacity: 0.54 !important;
      --tw-text-opacity: 1 !important;
      color: rgb(255 255 255 / var(--tw-text-opacity)) !important;
      display: flex !important
  }
  /* #ifdef MP-WEIXIN */
  .apply-class-0{
          --tw-bg-opacity: 1;
          background-color: rgb(59 130 246 / var(--tw-bg-opacity))
  }
  /* #endif */
  /* #ifndef MP-WEIXIN */
  .apply-class-0{
          --tw-bg-opacity: 1;
          background-color: rgb(239 68 68 / var(--tw-bg-opacity))
  }
  /* #endif */
  /* #ifdef MP-WEIXIN */
  .apply-class-1{
          --tw-bg-opacity: 1;
          background-color: rgb(59 130 246 / var(--tw-bg-opacity))
  }
  /* #endif */
  /* #ifndef MP-WEIXIN */
  .apply-class-1{
          --tw-bg-opacity: 1;
          background-color: rgb(239 68 68 / var(--tw-bg-opacity))
  }
  /* #endif */
  "
`;

exports[`snap > uni-app vue2 page.css 1`] = `
"
/* #ifdef MP-WEIXIN */
  .apply-class-0{
          --tw-bg-opacity: 1;
          background-color: rgb(59 130 246 / var(--tw-bg-opacity))
  }
/* #endif */
  /* #ifndef MP-WEIXIN */
  .apply-class-0{
          --tw-bg-opacity: 1;
          background-color: rgb(239 68 68 / var(--tw-bg-opacity))
  }
  /* #endif */
  /* #ifdef MP-WEIXIN */
  .apply-class-1{
          --tw-bg-opacity: 1;
          background-color: rgb(59 130 246 / var(--tw-bg-opacity))
  }
  /* #endif */
  /* #ifndef MP-WEIXIN */
  .apply-class-1{
          --tw-bg-opacity: 1;
          background-color: rgb(239 68 68 / var(--tw-bg-opacity))
  }
  /* #endif */
  "
`;
