// Vitest Snapshot v1, https://vitest.dev/guide/snapshot.html

exports[`cssVars > snap 1`] = `
[
  {
    "prop": "--tw-border-spacing-x",
    "value": "0",
  },
  {
    "prop": "--tw-border-spacing-y",
    "value": "0",
  },
  {
    "prop": "--tw-translate-x",
    "value": "0",
  },
  {
    "prop": "--tw-translate-y",
    "value": "0",
  },
  {
    "prop": "--tw-rotate",
    "value": "0",
  },
  {
    "prop": "--tw-skew-x",
    "value": "0",
  },
  {
    "prop": "--tw-skew-y",
    "value": "0",
  },
  {
    "prop": "--tw-scale-x",
    "value": "1",
  },
  {
    "prop": "--tw-scale-y",
    "value": "1",
  },
  {
    "prop": "--tw-pan-x",
    "value": " ",
  },
  {
    "prop": "--tw-pan-y",
    "value": " ",
  },
  {
    "prop": "--tw-pinch-zoom",
    "value": " ",
  },
  {
    "prop": "--tw-scroll-snap-strictness",
    "value": "proximity",
  },
  {
    "prop": "--tw-gradient-from-position",
    "value": " ",
  },
  {
    "prop": "--tw-gradient-via-position",
    "value": " ",
  },
  {
    "prop": "--tw-gradient-to-position",
    "value": " ",
  },
  {
    "prop": "--tw-ordinal",
    "value": " ",
  },
  {
    "prop": "--tw-slashed-zero",
    "value": " ",
  },
  {
    "prop": "--tw-numeric-figure",
    "value": " ",
  },
  {
    "prop": "--tw-numeric-spacing",
    "value": " ",
  },
  {
    "prop": "--tw-numeric-fraction",
    "value": " ",
  },
  {
    "prop": "--tw-ring-inset",
    "value": " ",
  },
  {
    "prop": "--tw-ring-offset-width",
    "value": "0px",
  },
  {
    "prop": "--tw-ring-offset-color",
    "value": "#fff",
  },
  {
    "prop": "--tw-ring-color",
    "value": "rgb(59 130 246 / 0.5)",
  },
  {
    "prop": "--tw-ring-offset-shadow",
    "value": "0 0 #0000",
  },
  {
    "prop": "--tw-ring-shadow",
    "value": "0 0 #0000",
  },
  {
    "prop": "--tw-shadow",
    "value": "0 0 #0000",
  },
  {
    "prop": "--tw-shadow-colored",
    "value": "0 0 #0000",
  },
  {
    "prop": "--tw-blur",
    "value": " ",
  },
  {
    "prop": "--tw-brightness",
    "value": " ",
  },
  {
    "prop": "--tw-contrast",
    "value": " ",
  },
  {
    "prop": "--tw-grayscale",
    "value": " ",
  },
  {
    "prop": "--tw-hue-rotate",
    "value": " ",
  },
  {
    "prop": "--tw-invert",
    "value": " ",
  },
  {
    "prop": "--tw-saturate",
    "value": " ",
  },
  {
    "prop": "--tw-sepia",
    "value": " ",
  },
  {
    "prop": "--tw-drop-shadow",
    "value": " ",
  },
  {
    "prop": "--tw-backdrop-blur",
    "value": " ",
  },
  {
    "prop": "--tw-backdrop-brightness",
    "value": " ",
  },
  {
    "prop": "--tw-backdrop-contrast",
    "value": " ",
  },
  {
    "prop": "--tw-backdrop-grayscale",
    "value": " ",
  },
  {
    "prop": "--tw-backdrop-hue-rotate",
    "value": " ",
  },
  {
    "prop": "--tw-backdrop-invert",
    "value": " ",
  },
  {
    "prop": "--tw-backdrop-opacity",
    "value": " ",
  },
  {
    "prop": "--tw-backdrop-saturate",
    "value": " ",
  },
  {
    "prop": "--tw-backdrop-sepia",
    "value": " ",
  },
  {
    "prop": "--tw-contain-size",
    "value": " ",
  },
  {
    "prop": "--tw-contain-layout",
    "value": " ",
  },
  {
    "prop": "--tw-contain-paint",
    "value": " ",
  },
  {
    "prop": "--tw-contain-style",
    "value": " ",
  },
]
`;
