// Vitest Snapshot v1, https://vitest.dev/guide/snapshot.html

exports[`build > native 1`] = `
GlobsSet {
  "excludeSet": Set {
    "!**/node_modules/**",
    "!**/miniprogram_npm/**",
    "!**/project.config.json/**",
    "!**/project.private.config.json/**",
    "!**/package.json/**",
    "!postcss.config.js",
    "!tailwind.config.js",
    "!weapp-tw.config.js",
    "!dist/**/*",
    "!./dist/**/*",
  },
  "includeSet": Set {
    "**/*.wxss",
    "**/*.less",
    "**/*.sass",
    "**/*.scss",
    "**/*.wxml",
    "**/*.json",
    "**/*.js",
    "**/*.ts",
    "**/*.wxs",
    "**/*.{png,jpg,jpeg,gif,svg,webp}",
  },
}
`;

exports[`build > native 2`] = `
"::before,::after {
    --tw-content: ""}
view,text,::before,::after {
    --tw-border-spacing-x: 0;
    --tw-border-spacing-y: 0;
    --tw-translate-x: 0;
    --tw-translate-y: 0;
    --tw-rotate: 0;
    --tw-skew-x: 0;
    --tw-skew-y: 0;
    --tw-scale-x: 1;
    --tw-scale-y: 1;
    --tw-pan-x:  ;
    --tw-pan-y:  ;
    --tw-pinch-zoom:  ;
    --tw-scroll-snap-strictness: proximity;
    --tw-gradient-from-position:  ;
    --tw-gradient-via-position:  ;
    --tw-gradient-to-position:  ;
    --tw-ordinal:  ;
    --tw-slashed-zero:  ;
    --tw-numeric-figure:  ;
    --tw-numeric-spacing:  ;
    --tw-numeric-fraction:  ;
    --tw-ring-inset:  ;
    --tw-ring-offset-width: 0px;
    --tw-ring-offset-color: #fff;
    --tw-ring-color: rgb(59 130 246 / 0.5);
    --tw-ring-offset-shadow: 0 0 #0000;
    --tw-ring-shadow: 0 0 #0000;
    --tw-shadow: 0 0 #0000;
    --tw-shadow-colored: 0 0 #0000;
    --tw-blur:  ;
    --tw-brightness:  ;
    --tw-contrast:  ;
    --tw-grayscale:  ;
    --tw-hue-rotate:  ;
    --tw-invert:  ;
    --tw-saturate:  ;
    --tw-sepia:  ;
    --tw-drop-shadow:  ;
    --tw-backdrop-blur:  ;
    --tw-backdrop-brightness:  ;
    --tw-backdrop-contrast:  ;
    --tw-backdrop-grayscale:  ;
    --tw-backdrop-hue-rotate:  ;
    --tw-backdrop-invert:  ;
    --tw-backdrop-opacity:  ;
    --tw-backdrop-saturate:  ;
    --tw-backdrop-sepia:  ;
    --tw-contain-size:  ;
    --tw-contain-layout:  ;
    --tw-contain-paint:  ;
    --tw-contain-style:  
;
    box-sizing: border-box;
    border-width: 0;
    border-style: solid;
    border-color: currentColor}
::backdrop {
    --tw-border-spacing-x: 0;
    --tw-border-spacing-y: 0;
    --tw-translate-x: 0;
    --tw-translate-y: 0;
    --tw-rotate: 0;
    --tw-skew-x: 0;
    --tw-skew-y: 0;
    --tw-scale-x: 1;
    --tw-scale-y: 1;
    --tw-pan-x:  ;
    --tw-pan-y:  ;
    --tw-pinch-zoom:  ;
    --tw-scroll-snap-strictness: proximity;
    --tw-gradient-from-position:  ;
    --tw-gradient-via-position:  ;
    --tw-gradient-to-position:  ;
    --tw-ordinal:  ;
    --tw-slashed-zero:  ;
    --tw-numeric-figure:  ;
    --tw-numeric-spacing:  ;
    --tw-numeric-fraction:  ;
    --tw-ring-inset:  ;
    --tw-ring-offset-width: 0px;
    --tw-ring-offset-color: #fff;
    --tw-ring-color: rgb(59 130 246 / 0.5);
    --tw-ring-offset-shadow: 0 0 #0000;
    --tw-ring-shadow: 0 0 #0000;
    --tw-shadow: 0 0 #0000;
    --tw-shadow-colored: 0 0 #0000;
    --tw-blur:  ;
    --tw-brightness:  ;
    --tw-contrast:  ;
    --tw-grayscale:  ;
    --tw-hue-rotate:  ;
    --tw-invert:  ;
    --tw-saturate:  ;
    --tw-sepia:  ;
    --tw-drop-shadow:  ;
    --tw-backdrop-blur:  ;
    --tw-backdrop-brightness:  ;
    --tw-backdrop-contrast:  ;
    --tw-backdrop-grayscale:  ;
    --tw-backdrop-hue-rotate:  ;
    --tw-backdrop-invert:  ;
    --tw-backdrop-opacity:  ;
    --tw-backdrop-saturate:  ;
    --tw-backdrop-sepia:  ;
    --tw-contain-size:  ;
    --tw-contain-layout:  ;
    --tw-contain-paint:  ;
    --tw-contain-style:  
}
.w-screen {
    width: 100vw
}
.grow {
    flex-grow: 1
}
.overflow-hidden {
    overflow: hidden
}
.bg-red-100 {
    --tw-bg-opacity: 1;
    background-color: rgb(254 226 226 / var(--tw-bg-opacity))
}
.bg-yellow-600 {
    --tw-bg-opacity: 1;
    background-color: rgb(202 138 4 / var(--tw-bg-opacity))
}
.p-10 {
    padding: 2.5rem
}
.pb-10 {
    padding-bottom: 2.5rem
}
.text-center {
    text-align: center
}
.text-_h123456_ {
    --tw-text-opacity: 1;
    color: rgb(18 52 86 / var(--tw-text-opacity))
}
.text-blacks90 {
    color: rgb(0 0 0 / 0.9)
}
"
`;

exports[`build > native 3`] = `
"Page({
  data: {
    motto: 'bg-red-100',
  },
})
"
`;

exports[`build > native 4`] = `
"{
  "usingComponents": {
  }
}"
`;

exports[`build > native 5`] = `
"<view class="w-screen grow overflow-hidden">
  <view class="text-blacks90">
    <view class="p-10">
      <view class="text-center">Address Book</view>
      <view class="text-_h123456_">类通讯录列表</view>
      <view class="bg-yellow-600">ICON</view>
    </view>
    <view class="pb-10 {{motto}}">motto</view>
  </view>
</view>"
`;

exports[`build > native 6`] = `""`;

exports[`build > native 7`] = `
"{
  "desc": "关于本文件的更多信息，请参考文档 https://developers.weixin.qq.com/miniprogram/dev/framework/sitemap.html",
  "rules": [{
  "action": "allow",
  "page": "*"
  }]
}"
`;
