// Vitest Snapshot v1, https://vitest.dev/guide/snapshot.html

exports[`build > rollup > mixjs getEntries 1`] = `
{
  "app": {
    "deps": [
      {
        "path": "pages/index",
        "type": "page",
      },
    ],
    "json": {
      "pages": [
        "pages/index",
      ],
    },
    "jsonPath": "app.json",
    "path": "app.js",
    "type": "app",
  },
  "components": [
    {
      "deps": [],
      "json": {
        "component": true,
      },
      "jsonPath": "index2.json",
      "path": "index2.js",
      "type": "component",
    },
  ],
  "pages": [
    {
      "deps": [],
      "path": "index.js",
      "type": "page",
    },
    {
      "deps": [],
      "path": "pages/index.js",
      "type": "page",
    },
  ],
  "subPackages": [],
}
`;

exports[`build > rollup > mixjs runProd abs root > app.js 1`] = `
""use strict";
const cjs = require("./cjs-B3a6j7Rd.js");
const x = cjs.cjs;
console.log(x);
"
`;

exports[`build > rollup > mixjs runProd abs root > app.json 1`] = `
"{
  "pages": [
    "pages/index"
  ]
}"
`;

exports[`build > rollup > mixjs runProd abs root > cjs-B3a6j7Rd.js 1`] = `
""use strict";
const a = "1";
var cjs = {
  a,
  b: () => {
    return "b";
  }
};
exports.cjs = cjs;
"
`;

exports[`build > rollup > mixjs runProd abs root > esm-CR02SQDf.js 1`] = `
""use strict";
const c = "c";
exports.c = c;
"
`;

exports[`build > rollup > mixjs runProd abs root > index.js 1`] = `
""use strict";
const cjs = require("./cjs-B3a6j7Rd.js");
const esm = require("./esm-CR02SQDf.js");
const a = cjs.cjs;
console.log(a, esm.c);
"
`;

exports[`build > rollup > mixjs runProd abs root > index.wxml 1`] = `"<view class="text-gray-50">index.wxml</view>"`;

exports[`build > rollup > mixjs runProd abs root > index2.js 1`] = `
""use strict";
const cjs = require("./cjs-B3a6j7Rd.js");
const esm = require("./esm-CR02SQDf.js");
const a = cjs.cjs;
console.log(a, esm.c);
"
`;

exports[`build > rollup > mixjs runProd abs root > index2.json 1`] = `
"{
  "component": true
}"
`;

exports[`build > rollup > mixjs runProd abs root > index2.wxml 1`] = `"<view>Index2</view>"`;

exports[`build > rollup > mixjs runProd abs root > pages/index.js 1`] = `
""use strict";
console.log("pages/index.wxml");
"
`;

exports[`build > rollup > mixjs runProd abs root > pages/index.wxml 1`] = `"<view class="text-gray-50">pages/index.wxml</view>"`;

exports[`build > rollup > mixjs vite build > app.js 1`] = `
""use strict";
const cjs = require("./cjs-B3a6j7Rd.js");
const x = cjs.cjs;
console.log(x);
"
`;

exports[`build > rollup > mixjs vite build > cjs-B3a6j7Rd.js 1`] = `
""use strict";
const a = "1";
var cjs = {
  a,
  b: () => {
    return "b";
  }
};
exports.cjs = cjs;
"
`;

exports[`build > rollup > mixjs vite build > esm-CR02SQDf.js 1`] = `
""use strict";
const c = "c";
exports.c = c;
"
`;

exports[`build > rollup > mixjs vite build > index.js 1`] = `
""use strict";
const cjs = require("./cjs-B3a6j7Rd.js");
const esm = require("./esm-CR02SQDf.js");
const a = cjs.cjs;
console.log(a, esm.c);
"
`;

exports[`build > rollup > mixjs vite build > index2.js 1`] = `
""use strict";
const cjs = require("./cjs-B3a6j7Rd.js");
const esm = require("./esm-CR02SQDf.js");
const a = cjs.cjs;
console.log(a, esm.c);
"
`;

exports[`build > rollup > mixjs vite build > pages/index.js 1`] = `
""use strict";
console.log("pages/index.wxml");
"
`;
