[
  "-m-[20px]",
  "-mt-2",
  "after:content-['我知道我心,永恒12we_ds']",
  "bg-[#098765]",
  "bg-[#123456]",
  "bg-[#543254]",
  "bg-[#654123]",
  "bg-[#654321]",
  "bg-[#dbdada]",
  "bg-[#fafa00]",
  "bg-[#fafafa]",
  "bg-[url('https://xxx.com/xx.webp')]",
  "bg-gradient-to-r",
  "bg-gray-100",
  "bg-opacity-[0.54]",
  "bg-pink-500",
  "bg-red-500",
  "bg-red-900",
  "block",
  "border-[#098765]",
  "border-[10px]",
  "border-opacity-[0.44]",
  "border-solid",
  "container",
  "dark:bg-[#487512]",
  "dark:bg-[#abcdef]",
  "dark:bg-zinc-800",
  "divide-[#010101]",
  "divide-solid",
  "divide-x-[10px]",
  "flex",
  "font-semibold",
  "from-[#123456]",
  "grid",
  "grid-cols-3",
  "h-10",
  "h-[100px]",
  "h-[calc(100vh-100px)]",
  "items-center",
  "justify-between",
  "justify-center",
  "leading-[0.9]",
  "max-h-[100px]",
  "max-w-[300rpx]",
  "mb-[-20px]",
  "min-h-[100px]",
  "min-w-[300rpx]",
  "mt-[22px]",
  "p-[20px]",
  "py-2",
  "resize",
  "ring-4",
  "ring-pink-300",
  "rounded-[40px]",
  "rounded-md",
  "space-y-[1.6rem]",
  "text-[#123456]",
  "text-[#aaaaaa]",
  "text-[#dddddd]",
  "text-[#fafafa]",
  "text-[#ffffff]",
  "text-[20px]",
  "text-[50px]",
  "text-[blue]",
  "text-[red]",
  "text-amber-300",
  "text-black",
  "text-center",
  "text-opacity-[0.19]",
  "text-red-400",
  "text-white",
  "to-[#654321]",
  "w-1.5",
  "w-10",
  "w-32",
  "w-[100px]",
  "w-[300px]",
  "w-[300rpx]",
  "w-full"
]
