// Vitest Snapshot v1, https://vitest.dev/guide/snapshot.html

exports[`handling whitespace > before:content-['hello_world'] 1`] = `
"<div class=\\"beforeccontent-_qhello_worldq_\\">
      <!-- ... -->
    </div>"
`;

exports[`handling whitespace > bg-[url('/what_a_rush.png')] 1`] = `
"<div class=\\"bg-_url_qswhat_a_rushdpngq__\\">
      <!-- ... -->
    </div>"
`;

exports[`handling whitespace > grid grid-cols-[1fr_500px_2fr] 1`] = `
"<div class=\\"grid grid-cols-_1fr_500px_2fr_\\">
      <!-- ... -->
    </div>"
`;
