// Vitest Snapshot v1, https://vitest.dev/guide/snapshot.html

exports[`uni-app-x > app.uvue 1`] = `
{
  "code": "<script lang="uts">

	let firstBackTime = 0
	export default {
		onLaunch: function () {
			console.log('App Launch')
		},
		onShow: function () {
			console.log('App Show')
		},
		onHide: function () {
			console.log('App Hide')
		},

		onLastPageBackPress: function () {
			console.log('App LastPageBackPress')
			if (firstBackTime == 0) {
				uni.showToast({
					title: '再按一次退出应用',
					position: 'bottom',
				})
				firstBackTime = Date.now()
				setTimeout(() => {
					firstBackTime = 0
				}, 2000)
			} else if (Date.now() - firstBackTime < 2000) {
				firstBackTime = Date.now()
				uni.exit()
			}
		},

		onExit: function () {
			console.log('App Exit')
		},
	}
</script>

<style lang="scss">
@tailwind base;
@tailwind components;
@tailwind utilities;







</style>",
  "map": SourceMap {
    "file": undefined,
    "mappings": "AAAA,mBAAmB;AAAA;AAAA;AAAA;AAAA;AAAA;AAAA;AAAA;AAAA;AAAA;AAAA;AAAA;AAAA;AAAA;AAAA;AAAA;AAAA;AAAA;AAAA;AAAA;AAAA;AAAA;AAAA;AAAA;AAAA;AAAA;AAAA;AAAA;AAAA;AAAA;AAAA;AAAA;AAAA;AAAA;AAAA;AAmCnB;;AAEA;AACA;AACA;AACA;;;;;;;;AAQA",
    "names": [],
    "sources": [
      "",
    ],
    "sourcesContent": undefined,
    "version": 3,
  },
}
`;

exports[`uni-app-x > index.uvue 1`] = `
{
  "code": "<template>
	<view class="px-4">
		<view class="mt-_32d43rpx_ bg-_h322323_" :class="['text-_h258f27_', aaa]">
			<text class="text-_h258f27_">{{title}}</text>
		</view>
    <text class="icebreaker">icebreaker111111</text>
	</view>
</template>

<script>
	export default {
		data() {
			return {
				title: 'Hello',
        aaa: 'py-_22d32px_'
			}
		},
		onLoad() {

		},
		methods: {

		}
	}
</script>

<style>
.icebreaker{
  color: #844343;
}
</style>",
  "map": SourceMap {
    "file": undefined,
    "mappings": "AAAA;AACA,cAAc,IAAI;AAClB,eAAe,0BAA0B,UAAU,uBAAuB;AAC1E,gBAAgB,cAAc;AAC9B;AACA,iBAAiB,UAAU;AAC3B;AACA;;AAEA,QAAQ;AAAA;AAAA;AAAA;AAAA;AAAA;AAAA;AAAA;AAAA;AAAA;AAAA;AAAA;AAAA;AAAA;AAAA;AAeR;;AAEA;AACA;AACA;AACA;AACA",
    "names": [],
    "sources": [
      "",
    ],
    "sourcesContent": undefined,
    "version": 3,
  },
}
`;

exports[`uni-app-x > setup-lang-uts.uvue 1`] = `
{
  "code": "<script setup lang="uts">
	import WeappTailwindcss from '@/components/WeappTailwindcss.uvue'
	import { state, setGlobalNum } from '@/stores/counter'

	const buttonColors = [
		'bg-_h000_',
		'bg-_h111_',
		'bg-_h222_',
		'bg-[#333]',
		'bg-[#444]',
		'bg-[#555]',
		'bg-[#666]',
		'bg-[#777]',
		'bg-[#888]',
		'bg-[#999]',
		'bg-[#aaa]',
		'bg-[#bbb]',
		'bg-[#ccc]',
		'bg-[#ddd]',
		'bg-[#eee]',
		'bg-[#fff]',
	]
	const title = ref('Hello')
	const themeRef = ref<string>('')
	const classArray = computed(() => [
		'bg-[#aa00aa] text-[#ffffffee]',
	])
	const buttonClass = computed(() => {
		return buttonColors[state.globalNum % buttonColors.length]
	})






	onBeforeUnmount(() => {





	})

	onLoad(() => {
		console.log('欢迎使用 weapp-tailwindcss 模板')
	})

	function copy(data : string) {
		uni.setClipboardData({
			data,
		})
	}
</script>

<template>
	<view class="content">
		<WeappTailwindcss />
		<view class="my-3 w-full border-t border-solid border-gray-200" />
		<text class="text-xl text-gray-600s95">
			写法示例Start!
		</text>
		<view class="mt-_13d14758px_ flex flex-col items-center">
			<text class="w-32 rounded-md bg-pink-500 py-2 text-center font-semibold text-white ring-4 ring-pink-300">
				Default Ring
			</text>
			<view>
				<button class="w-64 text-white" :class="buttonClass" @click="setGlobalNum(state.globalNum+1)">
					click here to inc {{ state.globalNum }}
				</button>
			</view>
			<view class="test">
				<text class="text-_hffffff_ text-center">
					@apply 的用法，详见 \`index.vue\` 的 \`style\` 标签块
				</text>
			</view>
		</view>
	</view>
</template>

<style lang="scss" scoped>
	.content {
		@apply flex flex-col items-center py-4;
	}

	.test {
		@apply flex h-[100px] w-[222.222px] items-center justify-center rounded-[40px] bg-[#123456] bg-opacity-[0.54] #{!important};
	}
</style>",
  "map": SourceMap {
    "file": undefined,
    "mappings": "AAAA,yBAAyB;AAAA;AAAA;AAAA;AAAA;AAAA;AAAA;AAAA;AAAA;AAAA;AAAA;AAAA;AAAA;AAAA;AAAA;AAAA;AAAA;AAAA;AAAA;AAAA;AAAA;AAAA;AAAA;AAAA;AAAA;AAAA;AAAA;AAAA;AAAA;AAAA;AAAA;AAAA;AAAA;AAAA;AAAA;AAAA;AAAA;AAAA;AAAA;AAAA;AAAA;AAAA;AAAA;AAAA;AAAA;AAAA;AAAA;AAAA;AAAA;AAAA;AAAA;AAAA;AAAA;AAqDzB;;AAEA;AACA,cAAc,OAAO;AACrB;AACA,eAAe,iDAAiD;AAChE,eAAe,wBAAwB;AACvC;AACA;AACA,eAAe,0CAA0C;AACzD,gBAAgB,0FAA0F;AAC1G;AACA;AACA;AACA,mBAAmB,eAAe,UAAU,WAAW;AACvD;AACA;AACA;AACA,gBAAgB,IAAI;AACpB,iBAAiB,0BAA0B;AAC3C;AACA;AACA;AACA;AACA;AACA;;AAEA;AACA;AACA;AACA;;AAEA;AACA;AACA;AACA",
    "names": [],
    "sources": [
      "",
    ],
    "sourcesContent": undefined,
    "version": 3,
  },
}
`;
